// Jest Snapshot v1, https://goo.gl/fbAQLP

exports[`Pruebas de CounterApp Debe mostrar <CounterApp/> correctamente 1`] = `
<Fragment>
  <h2>
    CounterApp
  </h2>
  <h3>
     
    10
  </h3>
  <button
    onClick={[Function]}
  >
    +1
  </button>
  <button
    onClick={[Function]}
  >
    Reset
  </button>
  <button
    onClick={[Function]}
  >
     -1
  </button>
</Fragment>
`;
